// Jest Snapshot v1, https://goo.gl/fbAQLP

exports[`<Hero/> @render renders correctly 1`] = `
<section
  className="css-g6bdmo"
  id="hero"
>
  <img
    alt=""
    css={
      Object {
        "map": undefined,
        "name": "9xolmb",
        "next": undefined,
        "styles": "
    display: inline-block;
    position: absolute;
    top: 0;
    left: 0;
    width: 100%;
    height: 150%;
    opacity: 0.4;
    object-fit: cover;
    object-fit: center;
    transform: translate3d(0, -0px, 0);
  ",
      }
    }
    src="test-file-stub"
  />
  <div
    className="css-ekjbro"
  >
    <h4>
      JAY
    </h4>
    <h4>
      TANG
    </h4>
  </div>
</section>
`;
