// Jest Snapshot v1, https://goo.gl/fbAQLP

exports[`<Work/> @render renders correctly 1`] = `
<section
  className="css-7qcwkc"
  id="work"
>
  <div
    className="arcadia css-nokm5q"
  />
  <div
    className="css-bbgkix"
  >
    <div
      className="css-xq4zy8"
    >
      <h3>
        Selected Projects
      </h3>
      <div
        className="css-kc7c0l"
      >
        <button
          className="work-arcadia active"
          data-testid="test-arcadia"
          onClick={[Function]}
          type="button"
        />
        <button
          className="work-batman"
          data-testid="test-batman"
          onClick={[Function]}
          type="button"
        />
      </div>
    </div>
    <div
      className="css-f9b1t7"
      dangerouslySetInnerHTML={
        Object {
          "__html": "test1",
        }
      }
      data-testid="test-description"
    />
  </div>
</section>
`;
